---
source: crates/tui/src/ui/mod.rs
assertion_line: 372
expression: content
---
╭ WORKSPACES ──────────────────────────╮
│▎  🗁 scratch-notes                    │
│                                      │
│                                      │
│                                      │
╰──────────────────────────────────────╯
