---
source: crates/tui/src/ui/mod.rs
assertion_line: 508
expression: content
---
╭ WORKSPACES │ PROJECTS ───────────────╮
│▎  ▣ plain-folder                     │
│                                      │
│                                      │
│                                      │
╰──────────────────────────────────────╯
