---
source: crates/tui/src/ui/mod.rs
expression: content
---
╭ WORKSPACES ──────────────────────────╮
│▎▸ ○ src-agent-multi (main) ●1∆ ↑1 ↓2 │
│                                      │
│                                      │
│                                      │
╰──────────────────────────────────────╯
