---
source: crates/tui/src/ui/mod.rs
assertion_line: 338
expression: content
---







               ╭ Delete Workspace ──────────────────────────────╮
               │                                                │
               │  Remove ? ?                                    │
               │                                                │
               │  [y] Yes, remove from list                     │
               │  [Esc] Cancel                                  │
               │                                                │
               │                                                │
               ╰────────────────────────────────────────────────╯
