---
source: crates/tui/src/ui/mod.rs
assertion_line: 402
expression: content
---
╭ WORKSPACES │ PROJECTS ───────────────╮
│   ⎇ nightly 2∆ ↑1 ↓2                 │
│▎  ⎇ void-setup                       │
│   ⎇ x220t                            │
│                                      │
│                                      │
│                                      │
│                                      │
│                                      │
╰──────────────────────────────────────╯
