---
source: crates/tui/src/ui/mod.rs
assertion_line: 247
expression: content
---


      ┌ Dashboard ───────────────────────────────────────────────────────┐
      │ j/k navigate  Enter switch  Esc close                            │
      │                                                                  │
      │                                                                  │
      │                                                                  │
      │                                                                  │
      │                                                                  │
      │                                                                  │
      │                                                                  │
      │                                                                  │
      │                                                                  │
      │                                                                  │
      │                                                                  │
      │                                                                  │
      │                                                                  │
      │                                                                  │
      │                                                                  │
      │                                                                  │
      └──────────────────────────────────────────────────────────────────┘
