---
source: crates/tui/src/ui/mod.rs
assertion_line: 824
expression: content
---


      ╭ Dashboard ───────────────────────────────────────────────────────╮
      │  — No external claude agents —                                   │
      │ [j/k] navigate  [Enter] switch  [Esc] close                      │
      │                                                                  │
      │                                                                  │
      │                                                                  │
      │                                                                  │
      │                                                                  │
      │                                                                  │
      │                                                                  │
      │                                                                  │
      │                                                                  │
      │                                                                  │
      │                                                                  │
      │                                                                  │
      │                                                                  │
      │                                                                  │
      │                                                                  │
      ╰──────────────────────────────────────────────────────────────────╯
