---
source: crates/tui/src/ui/mod.rs
expression: content
---
╭ PROJECTS ────────────────────────────╮
│▎▾ ● pr-review                        │
│    ◎ owner/repo#1 [PR]               │
│    ◎ owner/repo#2 [PR]               │
│   ⎇ src-plain-ws (plain-ws)          │
│                                      │
│                                      │
╰──────────────────────────────────────╯
