---
source: crates/tui/src/ui/mod.rs
assertion_line: 205
expression: content
---
            ┌ Help ───────────────────────────────────────────────┐
            │                                                     │
            │  Navigation mode (yellow border)                    │
            │    k/j/h/l       Move between panes (h→ws list)     │
            │    enter         Interact with pane                 │
            │    n             New workspace                      │
            │    r             Clone workspace                    │
            │    e             Edit workspace                     │
            │    d             Delete workspace                   │
            │    tab/shift-tab Next/Prev workspace                │
            │    1-9           Go to workspace N                  │
            │    space         Fuzzy workspace search             │
            │    `             Previous workspace                 │
            │    ctrl-p        Command palette                    │
            │    g/G           Next/Prev tab                      │
            │    t             New tab                            │
            │    w             Close tab                          │
            │    ?             Toggle help                        │
            │    a             About                              │
            │    i             Workspace info                     │
            │    b             Open Kanban Board                  │
            │    ctrl-z        Undo last stage/unstage            │
            │    s             Quick stage (file list focused)    │
            │    u             Quick unstage (file list focused)  │
            │    D             Dashboard                          │
            │    ctrl-l        Logs                               │
            │    L             Git log                            │
            │    ctrl-y        AI Chat                            │
            │    q             Quit                               │
            │                                                     │
            │  AI Chat overlay                                    │
            │    Enter         Send message                       │
            │    Tab           Select model                       │
            │    ctrl-o        Settings (URL, system prompt)      │
            │    ctrl-l        Clear conversation                 │
            │    Esc           Hide (keeps state)                 │
            │                                                     │
            │  Interaction mode (green border)                    │
            │    ctrl-g        Back to navigation                 │
            └────────────────────────────────────── [1/139 ↑k/j↓] ┘
