---
source: crates/tui/src/ui/mod.rs
assertion_line: 324
expression: content
---


      ╭───────────────────────────────────────────────────────╮
      │ / switch workspace                                  2 │
      │ ◆ ○ piki-nightly (2)                                  │
      │    ├─ → — Shell                                 shell │
      │    ├─   — Claude                 claude · not started │
      │   ○ bob-the-builder (1)                               │
      │    ├─ → — Claude                 claude · not started │
      │                                                       │
      │ piki-nightly                                          │
      │ enter switch  ^p/^n move  type search  esc close      │
      ╰───────────────────────────────────────────────────────╯
