---
source: crates/tui/src/ui/mod.rs
assertion_line: 356
expression: content
---
╭ WORKSPACES ──────────────────────────╮
│▎▾ pr-review                          │
│   ◎ owner/repo#1 [PR]                │
│   ◎ owner/repo#2 [PR]                │
│                                      │
│   ⎇ plain-ws                         │
│                                      │
╰──────────────────────────────────────╯
