---
source: crates/tui/src/ui/mod.rs
assertion_line: 434
expression: content
---
╭ WORKSPACES │ PROJECTS ───────────────╮
│▎  ○ my-project-folder (main)         │
│                                      │
│                                      │
│                                      │
╰──────────────────────────────────────╯
