---
source: crates/tui/src/ui/mod.rs
assertion_line: 197
expression: content
---




            ╭ Load Existing Worktree ──────────────────────────────╮
            │    /tmp/wt-12 (feature-12)                           │
            │    /tmp/wt-13 (feature-13)                           │
            │    /tmp/wt-14 (feature-14)                           │
            │    /tmp/wt-15 (feature-15)                           │
            │    /tmp/wt-16 (feature-16)                           │
            │    /tmp/wt-17 (feature-17)                           │
            │    /tmp/wt-18 (feature-18)                           │
            │    /tmp/wt-19 (feature-19)                           │
            │    /tmp/wt-20 (feature-20)                           │
            │    /tmp/wt-21 (feature-21)                           │
            │    /tmp/wt-22 (feature-22)                           │
            │    /tmp/wt-23 (feature-23)                           │
            │  > /tmp/wt-24 (feature-24)                           │
            ╰───────────────────────────────────────────── [25/25] ╯
