---
source: crates/tui/src/ui/mod.rs
expression: content
---
╭ PROJECTS ──────────────────╮
│ ▾ ● frontend               │
│  ▾ ⎇ piki                  │
│▎  │ ○ nightly              │
│   │ ⎇ feat/sidebar         │
│  🗁 /home/user/notes        │
│                            │
│ ▾ ● backend                │
│    ⎇ api (main)            │
│   ⎇ loose (loose)          │
│                            │
│                            │
│                            │
╰────────────────────────────╯
