---
source: crates/tui/src/ui/mod.rs
assertion_line: 111
expression: content
---








                    ╭ Close Tab ───────────────────────────╮
                    │                                      │
                    │             Close tab ""?            │
                    │                                      │
                    │           [Y] Yes    [N] No          │
                    │                                      │
                    ╰──────────────────────────────────────╯
