---
source: crates/tui/src/ui/mod.rs
assertion_line: 430
expression: content
---

╭ WORKSPACES ──╮
│              │────────────────────────────────────────────────────────────────
│ [C-g N] New w│╭ piki-multi-ai ───────────────────────────────────────────────╮
│              ││                                                              │
│              ││  Welcome to piki-multi-ai                                    │
│              ││                                                              │
│              ││  Quick Start:                                                │
│              ││                                                              │
│              ││  1. [n] Create your first workspace                          │
│              ││  2. [Tab] Switch between workspaces                          │
╰──────────────╯│  3. [Enter] Interact with the terminal                       │
╭ AGENTS ──────╮│  4. [?] Full help                                            │
│  No agents ru││                                                              │
│  [C-g c] new ││                                                              │
│              ││                                                              │
│              ││                                                              │
│              ││                                                              │
│              ││                                                              │
│              ││                                                              │
│              ││                                                              │
│              │╰──────────────────────────────────────────────────────────────╯
╰──────────────╯ No active workspace
 [C-g w] workspaces  [C-g N] new ws  [C-g e] edit ws  [C-g d] delete ws
