---
source: crates/tui/src/ui/mod.rs
expression: content
---





               ┌ About ─────────────────────────────────────────┐
               │                                                │
               │                                                │
               │             ██████╗ ██╗██╗  ██╗██╗             │
               │             ██╔══██╗██║██║ ██╔╝██║             │
               │             ██████╔╝██║█████╔╝ ██║             │
               │             ██╔═══╝ ██║██╔═██╗ ██║             │
               │             ██║     ██║██║  ██╗██║             │
               │             ╚═╝     ╚═╝╚═╝  ╚═╝╚═╝             │
               │                                                │
               │          piki-multi-ai v1.3.0-nightly          │
               │                                                │
               │               Author: Juan Knebel              │
               │          Contact: juanknebel@gmail.com         │
               │    Web: github.com/juanknebel/piki-multi-ai    │
               │                License: GPL-2.0                │
               │                                                │
               │               Press Esc to close               │
               │                                                │
               └────────────────────────────────────────────────┘
