---
source: crates/tui/src/ui/mod.rs
assertion_line: 280
expression: content
---
╭ AGENTS ──────────────────────────────╮
│ — demo-ws · Claude not started       │
│                                      │
│                                      │
│                                      │
│                                      │
│                                      │
╰──────────────────────────────────────╯
