---
source: crates/tui/src/ui/mod.rs
assertion_line: 650
expression: content
---
╭ WORKSPACES │ PROJECTS ───────────────╮
│▎▸ ○ src-agent-multi (main) ● 1∆ ↑1 ↓2│
│                                      │
│                                      │
│                                      │
╰──────────────────────────────────────╯
