---
source: crates/tui/src/ui/mod.rs
assertion_line: 202
expression: content
---








                ┌ Commit ──────────────────────────────────────┐
                │                                              │
                │  Message: feat: add snapshot tests█          │
                │                                              │
                │  [Enter] Commit  [Esc] Cancel                │
                │                                              │
                └──────────────────────────────────────────────┘
