---
source: crates/tui/src/ui/mod.rs
expression: content
---
╭ PROJECTS ────────────────────────────╮
│▎  ○ my-project-folder (main)         │
│                                      │
│                                      │
│                                      │
╰──────────────────────────────────────╯
