---
source: crates/tui/src/ui/mod.rs
assertion_line: 275
expression: content
---

┌ WORKSPACES ──┐
│              │────────────────────────────────────────────────────────────────
│ [C-g N] New w│┌ piki-multi-ai ───────────────────────────────────────────────┐
│              ││                                                              │
│              ││  Welcome to piki-multi-ai                                    │
│              ││                                                              │
│              ││  Quick Start:                                                │
│              ││                                                              │
│              ││  1. [n] Create your first workspace                          │
│              ││  2. [Tab] Switch between workspaces                          │
└──────────────┘│  3. [Enter] Interact with the terminal                       │
┌ STATUS ──────┐│  4. [?] Full help                                            │
│  ✓ Working tr││                                                              │
│              ││                                                              │
│              ││                                                              │
│              ││                                                              │
│              ││                                                              │
│              ││                                                              │
│              ││                                                              │
│              ││                                                              │
│              │└──────────────────────────────────────────────────────────────┘
└──────────────┘ No active workspace
 [k/j] select  [enter] open  [e] edit ws  [d] delete ws  [C-g] prefix
