---
source: crates/tui/src/ui/mod.rs
expression: content
---









                    ┌ AI Agents ───────────────────────────┐
                    │                                      │
                    │  [1] Claude Code                     │
                    │                                      │
                    │  [Esc] Back                          │
                    └──────────────────────────────────────┘
