---
source: crates/tui/src/ui/mod.rs
expression: content
---
╭ PROJECTS ────────────────────────────╮
│▎  ▣ plain-folder                     │
│                                      │
│                                      │
│                                      │
╰──────────────────────────────────────╯
