---
source: crates/tui/src/ui/mod.rs
expression: content
---







               ╭ Delete Checkout ───────────────────────────────╮
               │                                                │
               │  Remove ? ?                                    │
               │                                                │
               │  [y] Yes, remove from list                     │
               │  [Esc] cancel                                  │
               │                                                │
               │                                                │
               ╰────────────────────────────────────────────────╯
