---
source: crates/tui/src/ui/mod.rs
expression: content
---
╭ PROJECTS ────────────────────────────╮
│▎▾ ● no project 1                     │
│  ▾ ⎇ plain-folder                    │
│  │ ▣ typed-nickname                  │
│                                      │
╰──────────────────────────────────────╯
