---
source: crates/tui/src/ui/mod.rs
assertion_line: 542
expression: content
---
╭ WORKSPACES │ PROJECTS ───────────────╮
│▎  🗁 scratch-notes                    │
│                                      │
│                                      │
│                                      │
╰──────────────────────────────────────╯
