---
source: crates/tui/src/ui/mod.rs
expression: content
---
╭ PROJECTS ────────────────────────────╮
│ ▸ ⎇ src-agent-multi ● 1∆ ↑1 ↓2       │
│                                      │
│                                      │
│                                      │
╰──────────────────────────────────────╯
