---
source: crates/tui/src/ui/mod.rs
expression: content
---

╭ PROJECTS ────╮
│              │────────────────────────────────────────────────────────────────
│ [n] New proje│╭ piki-multi-ai ───────────────────────────────────────────────╮
│ [C-g s] New w││                                                              │
│              ││  Welcome to piki-multi-ai                                    │
│              ││                                                              │
│              ││  Quick Start:                                                │
│              ││                                                              │
│              ││  1. [C-g s] Create your first workspace                      │
│              ││  2. [C-g w] Switch between workspaces                        │
╰──────────────╯│  3. [Enter] Interact with the terminal                       │
╭ AGENTS ──────╮│  4. [C-g ?] Full help                                        │
│  No agents ru││                                                              │
│  [C-g c] new ││                                                              │
│              ││                                                              │
│              ││                                                              │
│              ││                                                              │
│              ││                                                              │
│              ││                                                              │
│              ││                                                              │
│              │╰──────────────────────────────────────────────────────────────╯
╰──────────────╯ No active workspace
 [n] new project  [C-g s] new ws
