---
source: crates/tui/src/ui/mod.rs
expression: content
---
╭ PROJECTS ────────────────────────────╮
│   ⎇ src-nightly (nightly) 2∆ ↑1 ↓2   │
│▎  ⎇ src-void-setup (void-setup)      │
│   ⎇ src-x220t (x220t)                │
│                                      │
│                                      │
│                                      │
│                                      │
│                                      │
╰──────────────────────────────────────╯
